Archive member included because of file (symbol)

c:/microsemi/softconsole_v4.0/arm-none-eabi-gcc/bin/../lib/gcc/arm-none-eabi/4.9.3/armv7-m\libgcc.a(_arm_addsubdf3.o)
                              ./main.o (__aeabi_dadd)
c:/microsemi/softconsole_v4.0/arm-none-eabi-gcc/bin/../lib/gcc/arm-none-eabi/4.9.3/armv7-m\libgcc.a(_arm_muldivdf3.o)
                              ./main.o (__aeabi_dmul)
c:/microsemi/softconsole_v4.0/arm-none-eabi-gcc/bin/../lib/gcc/arm-none-eabi/4.9.3/armv7-m\libgcc.a(_arm_truncdfsf2.o)
                              ./main.o (__aeabi_d2f)
c:/microsemi/softconsole_v4.0/arm-none-eabi-gcc/bin/../lib/gcc/arm-none-eabi/4.9.3/armv7-m\libgcc.a(_arm_addsubsf3.o)
                              ./main.o (__aeabi_fsub)
c:/microsemi/softconsole_v4.0/arm-none-eabi-gcc/bin/../lib/gcc/arm-none-eabi/4.9.3/armv7-m\libgcc.a(_arm_cmpsf2.o)
                              ./main.o (__aeabi_fcmple)
c:/microsemi/softconsole_v4.0/arm-none-eabi-gcc/bin/../lib/gcc/arm-none-eabi/4.9.3/armv7-m\libgcc.a(_arm_fixsfsi.o)
                              ./main.o (__aeabi_f2iz)
c:/microsemi/softconsole_v4.0/arm-none-eabi-gcc/bin/../lib/gcc/arm-none-eabi/4.9.3/../../../../arm-none-eabi/lib/armv7-m\libg.a(lib_a-exit.o)
                              c:/microsemi/softconsole_v4.0/arm-none-eabi-gcc/bin/../lib/gcc/arm-none-eabi/4.9.3/../../../../arm-none-eabi/lib/armv7-m/rdimon-crt0.o (exit)
c:/microsemi/softconsole_v4.0/arm-none-eabi-gcc/bin/../lib/gcc/arm-none-eabi/4.9.3/../../../../arm-none-eabi/lib/armv7-m\libg.a(lib_a-impure.o)
                              c:/microsemi/softconsole_v4.0/arm-none-eabi-gcc/bin/../lib/gcc/arm-none-eabi/4.9.3/../../../../arm-none-eabi/lib/armv7-m\libg.a(lib_a-exit.o) (_global_impure_ptr)
c:/microsemi/softconsole_v4.0/arm-none-eabi-gcc/bin/../lib/gcc/arm-none-eabi/4.9.3/../../../../arm-none-eabi/lib/armv7-m\libg.a(lib_a-init.o)
                              c:/microsemi/softconsole_v4.0/arm-none-eabi-gcc/bin/../lib/gcc/arm-none-eabi/4.9.3/../../../../arm-none-eabi/lib/armv7-m/rdimon-crt0.o (__libc_init_array)
c:/microsemi/softconsole_v4.0/arm-none-eabi-gcc/bin/../lib/gcc/arm-none-eabi/4.9.3/../../../../arm-none-eabi/lib/armv7-m\libg.a(lib_a-memcpy.o)
                              ./drivers/mss_sys_services/mss_sys_services.o (memcpy)
c:/microsemi/softconsole_v4.0/arm-none-eabi-gcc/bin/../lib/gcc/arm-none-eabi/4.9.3/../../../../arm-none-eabi/lib/armv7-m\libg.a(lib_a-memset.o)
                              c:/microsemi/softconsole_v4.0/arm-none-eabi-gcc/bin/../lib/gcc/arm-none-eabi/4.9.3/../../../../arm-none-eabi/lib/armv7-m/rdimon-crt0.o (memset)
c:/microsemi/softconsole_v4.0/arm-none-eabi-gcc/bin/../lib/gcc/arm-none-eabi/4.9.3/../../../../arm-none-eabi/lib/armv7-m\libg.a(lib_a-__call_atexit.o)
                              c:/microsemi/softconsole_v4.0/arm-none-eabi-gcc/bin/../lib/gcc/arm-none-eabi/4.9.3/../../../../arm-none-eabi/lib/armv7-m\libg.a(lib_a-exit.o) (__call_exitprocs)
c:/microsemi/softconsole_v4.0/arm-none-eabi-gcc/bin/../lib/gcc/arm-none-eabi/4.9.3/../../../../arm-none-eabi/lib/armv7-m\libg.a(lib_a-atexit.o)
                              c:/microsemi/softconsole_v4.0/arm-none-eabi-gcc/bin/../lib/gcc/arm-none-eabi/4.9.3/../../../../arm-none-eabi/lib/armv7-m\libg.a(lib_a-__call_atexit.o) (atexit)
c:/microsemi/softconsole_v4.0/arm-none-eabi-gcc/bin/../lib/gcc/arm-none-eabi/4.9.3/../../../../arm-none-eabi/lib/armv7-m\libg.a(lib_a-fini.o)
                              c:/microsemi/softconsole_v4.0/arm-none-eabi-gcc/bin/../lib/gcc/arm-none-eabi/4.9.3/../../../../arm-none-eabi/lib/armv7-m\libg.a(lib_a-__call_atexit.o) (__libc_fini_array)
c:/microsemi/softconsole_v4.0/arm-none-eabi-gcc/bin/../lib/gcc/arm-none-eabi/4.9.3/../../../../arm-none-eabi/lib/armv7-m\libg.a(lib_a-__atexit.o)
                              c:/microsemi/softconsole_v4.0/arm-none-eabi-gcc/bin/../lib/gcc/arm-none-eabi/4.9.3/../../../../arm-none-eabi/lib/armv7-m\libg.a(lib_a-atexit.o) (__register_exitproc)
c:/microsemi/softconsole_v4.0/arm-none-eabi-gcc/bin/../lib/gcc/arm-none-eabi/4.9.3/../../../../arm-none-eabi/lib/armv7-m\librdimon.a(rdimon-syscalls.o)
                              c:/microsemi/softconsole_v4.0/arm-none-eabi-gcc/bin/../lib/gcc/arm-none-eabi/4.9.3/../../../../arm-none-eabi/lib/armv7-m/rdimon-crt0.o (initialise_monitor_handles)
c:/microsemi/softconsole_v4.0/arm-none-eabi-gcc/bin/../lib/gcc/arm-none-eabi/4.9.3/../../../../arm-none-eabi/lib/armv7-m\librdimon.a(rdimon-_exit.o)
                              c:/microsemi/softconsole_v4.0/arm-none-eabi-gcc/bin/../lib/gcc/arm-none-eabi/4.9.3/../../../../arm-none-eabi/lib/armv7-m\libg.a(lib_a-exit.o) (_exit)
c:/microsemi/softconsole_v4.0/arm-none-eabi-gcc/bin/../lib/gcc/arm-none-eabi/4.9.3/../../../../arm-none-eabi/lib/armv7-m\librdimon.a(rdimon-_kill.o)
                              c:/microsemi/softconsole_v4.0/arm-none-eabi-gcc/bin/../lib/gcc/arm-none-eabi/4.9.3/../../../../arm-none-eabi/lib/armv7-m\librdimon.a(rdimon-_exit.o) (_kill)
[...]
Memory Configuration

Name             Origin             Length             Attributes
ram              0x20000000         0x00010000         xrw
*default*        0x00000000         0xffffffff

Linker script and memory map

LOAD c:/microsemi/softconsole_v4.0/arm-none-eabi-gcc/bin/../lib/gcc/arm-none-eabi/4.9.3/armv7-m/crti.o
LOAD c:/microsemi/softconsole_v4.0/arm-none-eabi-gcc/bin/../lib/gcc/arm-none-eabi/4.9.3/armv7-m/crtbegin.o
LOAD c:/microsemi/softconsole_v4.0/arm-none-eabi-gcc/bin/../lib/gcc/arm-none-eabi/4.9.3/../../../../arm-none-eabi/lib/armv7-m/rdimon-crt0.o
LOAD ./hal/CortexM3/GNU/hal.o
LOAD ./hal/CortexM3/GNU/hw_reg_access.o
LOAD ./hal/CortexM3/cortex_nvic.o
LOAD ./drivers_config/sys_config/sys_config.o
LOAD ./drivers/mss_sys_services/mss_comblk.o
LOAD ./drivers/mss_sys_services/mss_sys_services.o
LOAD ./drivers/mss_spi/mss_spi.o
LOAD ./drivers/mss_rtc/mss_rtc.o
LOAD ./drivers/mss_nvm/mss_nvm.o
LOAD ./drivers/mss_hpdma/mss_hpdma.o
LOAD ./drivers/CoreUARTapb/core_uart_apb.o
LOAD ./drivers/CorePWM/core_pwm.o
LOAD ./drivers/CoreGPIO/core_gpio.o
LOAD ./CMSIS/startup_gcc/startup_m2sxxx.o
LOAD ./CMSIS/system_m2sxxx.o
LOAD ./main.o
START GROUP
LOAD c:/microsemi/softconsole_v4.0/arm-none-eabi-gcc/bin/../lib/gcc/arm-none-eabi/4.9.3/armv7-m\libgcc.a
LOAD c:/microsemi/softconsole_v4.0/arm-none-eabi-gcc/bin/../lib/gcc/arm-none-eabi/4.9.3/../../../../arm-none-eabi/lib/armv7-m\libg.a
LOAD c:/microsemi/softconsole_v4.0/arm-none-eabi-gcc/bin/../lib/gcc/arm-none-eabi/4.9.3/../../../../arm-none-eabi/lib/armv7-m\libc.a
END GROUP
START GROUP
LOAD c:/microsemi/softconsole_v4.0/arm-none-eabi-gcc/bin/../lib/gcc/arm-none-eabi/4.9.3/armv7-m\libgcc.a
LOAD c:/microsemi/softconsole_v4.0/arm-none-eabi-gcc/bin/../lib/gcc/arm-none-eabi/4.9.3/../../../../arm-none-eabi/lib/armv7-m\libc.a
LOAD c:/microsemi/softconsole_v4.0/arm-none-eabi-gcc/bin/../lib/gcc/arm-none-eabi/4.9.3/../../../../arm-none-eabi/lib/armv7-m\librdimon.a
END GROUP
LOAD c:/microsemi/softconsole_v4.0/arm-none-eabi-gcc/bin/../lib/gcc/arm-none-eabi/4.9.3/armv7-m/crtend.o
LOAD c:/microsemi/softconsole_v4.0/arm-none-eabi-gcc/bin/../lib/gcc/arm-none-eabi/4.9.3/armv7-m/crtn.o
START GROUP
LOAD c:/microsemi/softconsole_v4.0/arm-none-eabi-gcc/bin/../lib/gcc/arm-none-eabi/4.9.3/../../../../arm-none-eabi/lib/armv7-m\libc.a
LOAD c:/microsemi/softconsole_v4.0/arm-none-eabi-gcc/bin/../lib/gcc/arm-none-eabi/4.9.3/armv7-m\libgcc.a
LOAD c:/microsemi/softconsole_v4.0/arm-none-eabi-gcc/bin/../lib/gcc/arm-none-eabi/4.9.3/../../../../arm-none-eabi/lib/armv7-m\libm.a
END GROUP
                0x00000000                __DYNAMIC = 0x0
                0x20000000                RAM_START_ADDRESS = 0x20000000
                0x00010000                RAM_SIZE = 0x10000
                0x00001000                MAIN_STACK_SIZE = 0x1000
                0x00001000                MIN_SIZE_HEAP = 0x1000
                0x20010000                PROVIDE (__main_stack_start, (RAM_START_ADDRESS + RAM_SIZE))
                0x20010000                PROVIDE (_estack, __main_stack_start)
                0x00000000                PROVIDE (__mirrored_nvm, 0x0)
                0x00000000                PROVIDE (__smartfusion2_memory_remap, 0x0)

.vector_table   0x20000000      0x190
                0x20000000                __vector_table_load = LOADADDR (.vector_table)
                0x20000000                __vector_table_start = .
                0x20000000                __vector_table_vma_base_address = .
 *(.isr_vector)
 .isr_vector    0x20000000      0x190 ./CMSIS/startup_gcc/startup_m2sxxx.o
                0x20000000                g_pfnVectors
                0x20000190                . = ALIGN (0x10)
                0x20000190                _evector_table = .

.boot_code      0x20000190      0x330
 *(.boot_code)
 .boot_code     0x20000190      0x324 ./CMSIS/startup_gcc/startup_m2sxxx.o
                0x20000190                Reset_Handler
                0x2000037e                NMI_Handler
                0x20000380                HardFault_Handler
                0x20000382                MemManage_Handler
                0x20000384                BusFault_Handler
                0x20000386                UsageFault_Handler
                0x20000388                SVC_Handler
                0x2000038a                DebugMon_Handler
                0x2000038c                PendSV_Handler
                0x2000038e                SysTick_Handler
                0x20000390                WdogWakeup_IRQHandler
                0x20000392                RTC_Wakeup_IRQHandler
                0x20000398                I2C0_IRQHandler
                0x2000039a                I2C0_SMBAlert_IRQHandler
                0x2000039c                I2C0_SMBus_IRQHandler
                0x2000039e                I2C1_IRQHandler
                0x200003a0                I2C1_SMBAlert_IRQHandler
                0x200003a2                I2C1_SMBus_IRQHandler
                0x200003a4                UART0_IRQHandler
                0x200003a6                UART1_IRQHandler
                0x200003a8                EthernetMAC_IRQHandler
                0x200003aa                DMA_IRQHandler
                0x200003ae                Timer2_IRQHandler
                0x200003b0                CAN_IRQHandler
                0x200003b2                ENVM0_IRQHandler
                0x200003b4                ENVM1_IRQHandler
                0x200003b8                USB_IRQHandler
                0x200003ba                USB_DMA_IRQHandler
                0x200003bc                PLL_Lock_IRQHandler
                0x200003be                PLL_LockLost_IRQHandler
                0x200003c0                CommSwitchError_IRQHandler
                0x200003c2                CacheError_IRQHandler
                0x200003c4                DDR_IRQHandler
                0x200003ca                ECC_Error_IRQHandler
                0x200003cc                MDDR_IOCalib_IRQHandler
                0x200003ce                FAB_PLL_Lock_IRQHandler
                0x200003d0                FAB_PLL_LockLost_IRQHandler
                0x200003d2                FIC64_IRQHandler
                0x200003d4                FabricIrq0_IRQHandler
                0x200003da                FabricIrq3_IRQHandler
                0x200003dc                FabricIrq4_IRQHandler
                0x200003de                FabricIrq5_IRQHandler
                0x200003e0                FabricIrq6_IRQHandler
                0x200003e2                FabricIrq7_IRQHandler
                0x200003e4                FabricIrq8_IRQHandler
                0x200003e6                FabricIrq9_IRQHandler
                0x200003e8                FabricIrq10_IRQHandler
                0x200003ea                FabricIrq11_IRQHandler
                0x200003ec                FabricIrq12_IRQHandler
                0x200003ee                FabricIrq13_IRQHandler
                0x200003f0                FabricIrq14_IRQHandler
                0x200003f2                FabricIrq15_IRQHandler
                0x200003f4                GPIO0_IRQHandler
                0x200003f6                GPIO1_IRQHandler
                0x200003f8                GPIO2_IRQHandler
                0x200003fa                GPIO3_IRQHandler
                0x200003fc                GPIO4_IRQHandler
                0x200003fe                GPIO5_IRQHandler
                0x20000400                GPIO6_IRQHandler
                0x20000402                GPIO7_IRQHandler
                0x20000404                GPIO8_IRQHandler
                0x20000406                GPIO9_IRQHandler
                0x20000408                GPIO10_IRQHandler
                0x2000040a                GPIO11_IRQHandler
                0x2000040c                GPIO12_IRQHandler
                0x2000040e                GPIO13_IRQHandler
                0x20000410                GPIO14_IRQHandler
                0x20000412                GPIO15_IRQHandler
                0x20000414                GPIO16_IRQHandler
                0x20000416                GPIO17_IRQHandler
                0x20000418                GPIO18_IRQHandler
                0x2000041a                GPIO19_IRQHandler
                0x2000041c                GPIO20_IRQHandler
                0x2000041e                GPIO21_IRQHandler
                0x20000420                GPIO22_IRQHandler
                0x20000422                GPIO23_IRQHandler
                0x20000424                GPIO24_IRQHandler
                0x20000426                GPIO25_IRQHandler
                0x20000428                GPIO26_IRQHandler
                0x2000042a                GPIO27_IRQHandler
                0x2000042c                GPIO28_IRQHandler
                0x2000042e                GPIO29_IRQHandler
                0x20000430                GPIO30_IRQHandler
                0x20000432                GPIO31_IRQHandler
                0x20000434                mscc_post_hw_cfg_init
                0x200004c0                . = ALIGN (0x10)
 *fill*         0x200004b4        0xc 

.text           0x200004c0     0x4400
 CREATE_OBJECT_SYMBOLS
                0x200004c0                __text_load = LOADADDR (.text)
                0x200004c0                __text_start = .
 *(.text .text.* .gnu.linkonce.t.*)
 .text          0x200004c0       0x5c c:/microsemi/softconsole_v4.0/arm-none-eabi-gcc/bin/../lib/gcc/arm-none-eabi/4.9.3/armv7-m/crtbegin.o
 .text          0x2000051c       0x90 ./hal/CortexM3/GNU/hw_reg_access.o
                0x2000051c                HW_set_32bit_reg
                0x20000520                HW_get_32bit_reg
                0x20000524                HW_set_32bit_reg_field
                0x20000540                HW_get_32bit_reg_field
                0x2000054c                HW_set_16bit_reg
                0x20000550                HW_get_16bit_reg
                0x20000554                HW_set_16bit_reg_field
                0x20000570                HW_get_16bit_reg_field
                0x2000057c                HW_set_8bit_reg
                0x20000580                HW_get_8bit_reg
                0x20000584                HW_set_8bit_reg_field
                0x200005a0                HW_get_8bit_reg_field
 .text.ComBlk_IRQHandler
                0x200005ac       0x48 ./drivers/mss_sys_services/mss_comblk.o
                0x200005ac                ComBlk_IRQHandler
 .text.handle_tx_okay_irq
                0x200005f4      0x1b0 ./drivers/mss_sys_services/mss_comblk.o
 .text.handle_rx_okay_irq
                0x200007a4      0x204 ./drivers/mss_sys_services/mss_comblk.o
 .text.complete_request
                0x200009a8       0x40 ./drivers/mss_sys_services/mss_comblk.o
 .text.abort_current_cmd
                0x200009e8       0x4c ./drivers/mss_sys_services/mss_comblk.o
 .text.fill_tx_fifo
                0x20000a34       0x64 ./drivers/mss_sys_services/mss_comblk.o
 .text.process_sys_ctrl_command
                0x20000a98       0x28 ./drivers/mss_sys_services/mss_comblk.o
 .text.NVIC_ClearPendingIRQ
                0x20000ac0       0x34 ./drivers/mss_spi/mss_spi.o
 .text.recover_from_rx_overflow
                0x20000af4      0x124 ./drivers/mss_spi/mss_spi.o
 .text.fill_slave_tx_fifo
                0x20000c18       0xd8 ./drivers/mss_spi/mss_spi.o
 .text.read_slave_rx_fifo
                0x20000cf0       0xa8 ./drivers/mss_spi/mss_spi.o
 .text.mss_spi_isr
                0x20000d98      0x280 ./drivers/mss_spi/mss_spi.o
 .text.SPI0_IRQHandler
                0x20001018       0x20 ./drivers/mss_spi/mss_spi.o
                0x20001018                SPI0_IRQHandler
 .text.SPI1_IRQHandler
                0x20001038       0x20 ./drivers/mss_spi/mss_spi.o
                0x20001038                SPI1_IRQHandler
 .text.start_transfer
                0x20001058      0x14c ./drivers/mss_hpdma/mss_hpdma.o
 .text.HPDMA_Complete_IRQHandler
                0x200011a4       0xf4 ./drivers/mss_hpdma/mss_hpdma.o
                0x200011a4                HPDMA_Complete_IRQHandler
 .text.HPDMA_Error_IRQHandler
                0x20001298      0x100 ./drivers/mss_hpdma/mss_hpdma.o
                0x20001298                HPDMA_Error_IRQHandler
 .text.UART_init
                0x20001398      0x114 ./drivers/CoreUARTapb/core_uart_apb.o
                0x20001398                UART_init
 .text.UART_send
                0x200014ac       0x80 ./drivers/CoreUARTapb/core_uart_apb.o
                0x200014ac                UART_send
 .text.UART_get_rx
                0x2000152c       0xc0 ./drivers/CoreUARTapb/core_uart_apb.o
                0x2000152c                UART_get_rx
 .text.UART_get_rx_status
                0x200015ec       0x3c ./drivers/CoreUARTapb/core_uart_apb.o
                0x200015ec                UART_get_rx_status
 .text.PWM_init
                0x20001628      0x138 ./drivers/CorePWM/core_pwm.o
                0x20001628                PWM_init
 .text.PWM_enable
                0x20001760       0x98 ./drivers/CorePWM/core_pwm.o
                0x20001760                PWM_enable
 .text.PWM_disable
                0x200017f8       0xa0 ./drivers/CorePWM/core_pwm.o
                0x200017f8                PWM_disable
 .text.PWM_set_duty_cycle
                0x20001898       0xc0 ./drivers/CorePWM/core_pwm.o
                0x20001898                PWM_set_duty_cycle
 .text.GPIO_init
                0x20001958       0xd0 ./drivers/CoreGPIO/core_gpio.o
                0x20001958                GPIO_init
 .text.GPIO_config
                0x20001a28       0x4c ./drivers/CoreGPIO/core_gpio.o
                0x20001a28                GPIO_config
 .text.GPIO_set_outputs
                0x20001a74       0xc8 ./drivers/CoreGPIO/core_gpio.o
                0x20001a74                GPIO_set_outputs
 .text.GPIO_get_outputs
                0x20001b3c       0xcc ./drivers/CoreGPIO/core_gpio.o
                0x20001b3c                GPIO_get_outputs
 .text.GPIO_enable_irq
                0x20001c08       0x4c ./drivers/CoreGPIO/core_gpio.o
                0x20001c08                GPIO_enable_irq
 .text.GPIO_disable_irq
                0x20001c54       0x4c ./drivers/CoreGPIO/core_gpio.o
                0x20001c54                GPIO_disable_irq
 .text.GPIO_clear_irq
                0x20001ca0       0xb4 ./drivers/CoreGPIO/core_gpio.o
                0x20001ca0                GPIO_clear_irq
 .text.SystemInit
                0x20001d54       0x20 ./CMSIS/system_m2sxxx.o
                0x20001d54                SystemInit
 .text.SystemCoreClockUpdate
                0x20001d74       0xf8 ./CMSIS/system_m2sxxx.o
                0x20001d74                SystemCoreClockUpdate
 .text.get_rcosc_25_50mhz_frequency
                0x20001e6c       0x3c ./CMSIS/system_m2sxxx.o
 .text.set_clock_frequency_globals
                0x20001ea8       0x5c ./CMSIS/system_m2sxxx.o
 .text.get_silicon_revision
                0x20001f04       0x48 ./CMSIS/system_m2sxxx.o
 .text.silicon_workarounds
                0x20001f4c       0x20 ./CMSIS/system_m2sxxx.o
 .text.m2s050_rev_a_workarounds
                0x20001f6c       0x30 ./CMSIS/system_m2sxxx.o
 .text.NVIC_EnableIRQ
                0x20001f9c       0x30 ./main.o
 .text.NVIC_DisableIRQ
                0x20001fcc       0x34 ./main.o
 .text.NVIC_ClearPendingIRQ
                0x20002000       0x34 ./main.o
 .text.NVIC_SetPriority
                0x20002034       0x54 ./main.o
 .text.MSS_TIM1_init
                0x20002088       0x58 ./main.o
 .text.MSS_TIM1_start
                0x200020e0       0x18 ./main.o
 .text.MSS_TIM1_load_immediate
                0x200020f8       0x1c ./main.o
 .text.MSS_TIM1_enable_irq
                0x20002114       0x18 ./main.o
 .text.MSS_TIM1_disable_irq
                0x2000212c       0x18 ./main.o
 .text.MSS_TIM1_clear_irq
                0x20002144       0x18 ./main.o
 .text.main     0x2000215c      0x338 ./main.o
                0x2000215c                main
 .text.Timer1_IRQHandler
                0x20002494       0x48 ./main.o
                0x20002494                Timer1_IRQHandler
 .text.FabricIrq1_IRQHandler
                0x200024dc       0x50 ./main.o
                0x200024dc                FabricIrq1_IRQHandler
 .text.FabricIrq2_IRQHandler
                0x2000252c       0x64 ./main.o
                0x2000252c                FabricIrq2_IRQHandler
 .text.delay    0x20002590       0x30 ./main.o
                0x20002590                delay
 .text.set_deg_abs
                0x200025c0      0x398 ./main.o
                0x200025c0                set_deg_abs
 .text.returntohold
                0x20002958       0x54 ./main.o
                0x20002958                returntohold
 .text.grabtube
                0x200029ac       0x60 ./main.o
                0x200029ac                grabtube
 .text.calmotions
                0x20002a0c       0xa4 ./main.o
                0x20002a0c                calmotions
 .text.set_deg_inc
                0x20002ab0       0x8c ./main.o
                0x20002ab0                set_deg_inc
 .text.Demo     0x20002b3c      0x224 ./main.o
                0x20002b3c                Demo
 .text.motionextremes
                0x20002d60      0x25c ./main.o
                0x20002d60                motionextremes
 .text.AtoB     0x20002fbc      0x1c0 ./main.o
                0x20002fbc                AtoB
 .text.BtoA     0x2000317c      0x1c8 ./main.o
                0x2000317c                BtoA
 .text.CtoD     0x20003344      0x1d4 ./main.o
                0x20003344                CtoD
 .text.DtoC     0x20003518      0x1d4 ./main.o
                0x20003518                DtoC
 .text.AgitateA
                0x200036ec      0x204 ./main.o
                0x200036ec                AgitateA
 .text.AgitateC
                0x200038f0      0x230 ./main.o
                0x200038f0                AgitateC
 .text          0x20003b20      0x370 c:/microsemi/softconsole_v4.0/arm-none-eabi-gcc/bin/../lib/gcc/arm-none-eabi/4.9.3/armv7-m\libgcc.a(_arm_addsubdf3.o)
                0x20003b20                __aeabi_drsub
                0x20003b28                __aeabi_dsub
                0x20003b28                __subdf3
                0x20003b2c                __aeabi_dadd
                0x20003b2c                __adddf3
                0x20003da4                __floatunsidf
                0x20003da4                __aeabi_ui2d
                0x20003dc4                __floatsidf
                0x20003dc4                __aeabi_i2d
                0x20003de8                __aeabi_f2d
                0x20003de8                __extendsfdf2
                0x20003e24                __floatundidf
                0x20003e24                __aeabi_ul2d
                0x20003e34                __floatdidf
                0x20003e34                __aeabi_l2d
 .text          0x20003e90      0x424 c:/microsemi/softconsole_v4.0/arm-none-eabi-gcc/bin/../lib/gcc/arm-none-eabi/4.9.3/armv7-m\libgcc.a(_arm_muldivdf3.o)
                0x20003e90                __aeabi_dmul
                0x20003e90                __muldf3
                0x200040e4                __divdf3
                0x200040e4                __aeabi_ddiv
 .text          0x200042b4       0xa0 c:/microsemi/softconsole_v4.0/arm-none-eabi-gcc/bin/../lib/gcc/arm-none-eabi/4.9.3/armv7-m\libgcc.a(_arm_truncdfsf2.o)
                0x200042b4                __truncdfsf2
                0x200042b4                __aeabi_d2f
 .text          0x20004354      0x21c c:/microsemi/softconsole_v4.0/arm-none-eabi-gcc/bin/../lib/gcc/arm-none-eabi/4.9.3/armv7-m\libgcc.a(_arm_addsubsf3.o)
                0x20004354                __aeabi_frsub
                0x2000435c                __subsf3
                0x2000435c                __aeabi_fsub
                0x20004360                __aeabi_fadd
                0x20004360                __addsf3
                0x200044c0                __aeabi_ui2f
                0x200044c0                __floatunsisf
                0x200044c8                __aeabi_i2f
                0x200044c8                __floatsisf
                0x200044e4                __aeabi_ul2f
                0x200044e4                __floatundisf
                0x200044f4                __aeabi_l2f
                0x200044f4                __floatdisf
 .text          0x20004570       0xec c:/microsemi/softconsole_v4.0/arm-none-eabi-gcc/bin/../lib/gcc/arm-none-eabi/4.9.3/armv7-m\libgcc.a(_arm_cmpsf2.o)
                0x20004570                __gesf2
                0x20004570                __gtsf2
                0x20004578                __lesf2
                0x20004578                __ltsf2
                0x20004580                __nesf2
                0x20004580                __eqsf2
                0x20004580                __cmpsf2
                0x200045e0                __aeabi_cfrcmple
                0x200045e8                __aeabi_cfcmpeq
                0x200045e8                __aeabi_cfcmple
                0x200045f8                __aeabi_fcmpeq
                0x2000460c                __aeabi_fcmplt
                0x20004620                __aeabi_fcmple
                0x20004634                __aeabi_fcmpge
                0x20004648                __aeabi_fcmpgt
 .text          0x2000465c       0x4c c:/microsemi/softconsole_v4.0/arm-none-eabi-gcc/bin/../lib/gcc/arm-none-eabi/4.9.3/armv7-m\libgcc.a(_arm_fixsfsi.o)
                0x2000465c                __aeabi_f2iz
                0x2000465c                __fixsfsi
 .text.__libc_init_array
                0x200046a8       0x50 c:/microsemi/softconsole_v4.0/arm-none-eabi-gcc/bin/../lib/gcc/arm-none-eabi/4.9.3/../../../../arm-none-eabi/lib/armv7-m\libg.a(lib_a-init.o)
                0x200046a8                __libc_init_array
 .text.startup.register_fini
                0x200046f8       0x14 c:/microsemi/softconsole_v4.0/arm-none-eabi-gcc/bin/../lib/gcc/arm-none-eabi/4.9.3/../../../../arm-none-eabi/lib/armv7-m\libg.a(lib_a-__call_atexit.o)
 .text.atexit   0x2000470c        0xc c:/microsemi/softconsole_v4.0/arm-none-eabi-gcc/bin/../lib/gcc/arm-none-eabi/4.9.3/../../../../arm-none-eabi/lib/armv7-m\libg.a(lib_a-atexit.o)
                0x2000470c                atexit
 .text.__libc_fini_array
                0x20004718       0x2c c:/microsemi/softconsole_v4.0/arm-none-eabi-gcc/bin/../lib/gcc/arm-none-eabi/4.9.3/../../../../arm-none-eabi/lib/armv7-m\libg.a(lib_a-fini.o)
                0x20004718                __libc_fini_array
 .text.__register_exitproc
                0x20004744       0xa4 c:/microsemi/softconsole_v4.0/arm-none-eabi-gcc/bin/../lib/gcc/arm-none-eabi/4.9.3/../../../../arm-none-eabi/lib/armv7-m\libg.a(lib_a-__atexit.o)
                0x20004744                __register_exitproc
 *(.plt)
 *(.gnu.warning)
 *(.glue_7t)
 .glue_7t       0x00000000        0x0 linker stubs
 *(.glue_7)
 .glue_7        0x00000000        0x0 linker stubs
 *(.vfp11_veneer)
 .vfp11_veneer  0x00000000        0x0 linker stubs
                0x200047e8                . = ALIGN (0x4)
 *crtbegin.o(.ctors)
 *(EXCLUDE_FILE(*crtend.o) .ctors)
 *(SORT(.ctors.*))
 *crtend.o(.ctors)
 *crtbegin.o(.dtors)
 *(EXCLUDE_FILE(*crtend.o) .dtors)
 *(SORT(.dtors.*))
 *crtend.o(.dtors)
 *(.rodata .rodata.* .gnu.linkonce.r.*)
 .rodata.g_pwm_id_mask_lut
                0x200047e8       0x11 ./drivers/CorePWM/core_pwm.o
 *fill*         0x200047f9        0x3 
 .rodata.g_pwm_posedge_offset_lut
                0x200047fc       0x44 ./drivers/CorePWM/core_pwm.o
 .rodata.g_pwm_negedge_offset_lut
                0x20004840       0x44 ./drivers/CorePWM/core_pwm.o
 .rodata        0x20004884        0x8 ./CMSIS/system_m2sxxx.o
 .rodata.str1.4
                0x2000488c        0x4 c:/microsemi/softconsole_v4.0/arm-none-eabi-gcc/bin/../lib/gcc/arm-none-eabi/4.9.3/../../../../arm-none-eabi/lib/armv7-m\libg.a(lib_a-impure.o)
                                  0x2 (size before relaxing)
 .rodata._global_impure_ptr
                0x20004890        0x4 c:/microsemi/softconsole_v4.0/arm-none-eabi-gcc/bin/../lib/gcc/arm-none-eabi/4.9.3/../../../../arm-none-eabi/lib/armv7-m\libg.a(lib_a-impure.o)
                0x20004890                _global_impure_ptr
 *(.ARM.extab* .gnu.linkonce.armextab.*)
 *(.gcc_except_table)
 *(.eh_frame_hdr)
 *(.eh_frame)
 .eh_frame      0x20004894        0x0 c:/microsemi/softconsole_v4.0/arm-none-eabi-gcc/bin/../lib/gcc/arm-none-eabi/4.9.3/armv7-m/crtbegin.o
 *(.vector_table)
 *(.init)
 .init          0x20004894        0x4 c:/microsemi/softconsole_v4.0/arm-none-eabi-gcc/bin/../lib/gcc/arm-none-eabi/4.9.3/armv7-m/crti.o
                0x20004894                _init
 .init          0x20004898        0x8 c:/microsemi/softconsole_v4.0/arm-none-eabi-gcc/bin/../lib/gcc/arm-none-eabi/4.9.3/armv7-m/crtn.o
 *(.fini)
 .fini          0x200048a0        0x4 c:/microsemi/softconsole_v4.0/arm-none-eabi-gcc/bin/../lib/gcc/arm-none-eabi/4.9.3/armv7-m/crti.o
                0x200048a0                _fini
 .fini          0x200048a4        0x8 c:/microsemi/softconsole_v4.0/arm-none-eabi-gcc/bin/../lib/gcc/arm-none-eabi/4.9.3/armv7-m/crtn.o
                0x200048ac                PROVIDE (__preinit_array_start, .)
 *(.preinit_array)
                0x200048ac                PROVIDE (__preinit_array_end, .)
                0x200048ac                PROVIDE (__init_array_start, .)
 *(SORT(.init_array.*))
 .init_array.00000
                0x200048ac        0x4 c:/microsemi/softconsole_v4.0/arm-none-eabi-gcc/bin/../lib/gcc/arm-none-eabi/4.9.3/../../../../arm-none-eabi/lib/armv7-m\libg.a(lib_a-__call_atexit.o)
 *(.init_array)
 .init_array    0x200048b0        0x4 c:/microsemi/softconsole_v4.0/arm-none-eabi-gcc/bin/../lib/gcc/arm-none-eabi/4.9.3/armv7-m/crtbegin.o
                0x200048b4                PROVIDE (__init_array_end, .)
                0x200048b4                PROVIDE (__fini_array_start, .)
 *(.fini_array)
 .fini_array    0x200048b4        0x4 c:/microsemi/softconsole_v4.0/arm-none-eabi-gcc/bin/../lib/gcc/arm-none-eabi/4.9.3/armv7-m/crtbegin.o
 *(SORT(.fini_array.*))
                0x200048b8                PROVIDE (__fini_array_end, .)
                0x200048c0                . = ALIGN (0x10)
 *fill*         0x200048b8        0x8 
                0x200048c0                __exidx_start = .

.v4_bx          0x200048c0        0x0
 .v4_bx         0x00000000        0x0 linker stubs

.iplt           0x200048c0        0x0
 .iplt          0x00000000        0x0 c:/microsemi/softconsole_v4.0/arm-none-eabi-gcc/bin/../lib/gcc/arm-none-eabi/4.9.3/armv7-m/crtbegin.o

.rel.dyn        0x200048c0        0x0
 .rel.iplt      0x00000000        0x0 c:/microsemi/softconsole_v4.0/arm-none-eabi-gcc/bin/../lib/gcc/arm-none-eabi/4.9.3/armv7-m/crtbegin.o

.ARM.exidx
 *(.ARM.exidx* .gnu.linkonce.armexidx.*)
                0x200048c0                __exidx_end = .
                0x200048c0                _etext = .
                0x200048c0                PROVIDE (__text_end, .)

.data           0x200048c0      0x450
                0x200048c0                __data_load = LOADADDR (.data)
                0x200048c0                _sidata = LOADADDR (.data)
                0x200048c0                __data_start = .
                0x200048c0                _sdata = .
 *(.jcr)
 .jcr           0x200048c0        0x0 c:/microsemi/softconsole_v4.0/arm-none-eabi-gcc/bin/../lib/gcc/arm-none-eabi/4.9.3/armv7-m/crtbegin.o
 .jcr           0x200048c0        0x4 c:/microsemi/softconsole_v4.0/arm-none-eabi-gcc/bin/../lib/gcc/arm-none-eabi/4.9.3/armv7-m/crtend.o
 *(.got.plt)
 *(.got)
 *(.shdata)
 *(.data .data.* .gnu.linkonce.d.*)
 .data.SystemCoreClock
                0x200048c4        0x4 ./CMSIS/system_m2sxxx.o
                0x200048c4                SystemCoreClock
 .data.g_FrequencyPCLK0
                0x200048c8        0x4 ./CMSIS/system_m2sxxx.o
                0x200048c8                g_FrequencyPCLK0
 .data.g_FrequencyPCLK1
                0x200048cc        0x4 ./CMSIS/system_m2sxxx.o
                0x200048cc                g_FrequencyPCLK1
 .data.g_FrequencyPCLK2
                0x200048d0        0x4 ./CMSIS/system_m2sxxx.o
                0x200048d0                g_FrequencyPCLK2
 .data.g_FrequencyFIC0
                0x200048d4        0x4 ./CMSIS/system_m2sxxx.o
                0x200048d4                g_FrequencyFIC0
 .data.g_FrequencyFIC1
                0x200048d8        0x4 ./CMSIS/system_m2sxxx.o
                0x200048d8                g_FrequencyFIC1
 .data.g_FrequencyFIC64
                0x200048dc        0x4 ./CMSIS/system_m2sxxx.o
                0x200048dc                g_FrequencyFIC64
 .data.g_message
                0x200048e0        0x2 ./main.o
                0x200048e0                g_message
 *fill*         0x200048e2        0x2 
 .data.g_gpio_pattern
                0x200048e4        0x4 ./main.o
                0x200048e4                g_gpio_pattern
 .data.impure_data
                0x200048e8      0x428 c:/microsemi/softconsole_v4.0/arm-none-eabi-gcc/bin/../lib/gcc/arm-none-eabi/4.9.3/../../../../arm-none-eabi/lib/armv7-m\libg.a(lib_a-impure.o)
                0x20004d10                . = ALIGN (0x10)
                0x20004d10                _edata = .

.igot.plt       0x20004d10        0x0
 .igot.plt      0x00000000        0x0 c:/microsemi/softconsole_v4.0/arm-none-eabi-gcc/bin/../lib/gcc/arm-none-eabi/4.9.3/armv7-m/crtbegin.o

.bss            0x20004d10      0x190
                0x20004d10                __bss_start__ = .
                0x20004d10                _sbss = .
 *(.shbss)
 *(.bss .bss.* .gnu.linkonce.b.*)
 .bss           0x20004d10       0x1c c:/microsemi/softconsole_v4.0/arm-none-eabi-gcc/bin/../lib/gcc/arm-none-eabi/4.9.3/armv7-m/crtbegin.o
 .bss.g_comblk_cmd_opcode
                0x20004d2c        0x1 ./drivers/mss_sys_services/mss_comblk.o
 *fill*         0x20004d2d        0x3 
 .bss.g_comblk_p_cmd
                0x20004d30        0x4 ./drivers/mss_sys_services/mss_comblk.o
 .bss.g_comblk_cmd_size
                0x20004d34        0x2 ./drivers/mss_sys_services/mss_comblk.o
 *fill*         0x20004d36        0x2 
 .bss.g_comblk_p_data
                0x20004d38        0x4 ./drivers/mss_sys_services/mss_comblk.o
 .bss.g_comblk_data_size
                0x20004d3c        0x4 ./drivers/mss_sys_services/mss_comblk.o
 .bss.g_comblk_p_response
                0x20004d40        0x4 ./drivers/mss_sys_services/mss_comblk.o
 .bss.g_comblk_response_size
                0x20004d44        0x2 ./drivers/mss_sys_services/mss_comblk.o
 .bss.g_comblk_response_idx
                0x20004d46        0x2 ./drivers/mss_sys_services/mss_comblk.o
 .bss.g_comblk_completion_handler
                0x20004d48        0x4 ./drivers/mss_sys_services/mss_comblk.o
 .bss.g_comblk_page_handler
                0x20004d4c        0x4 ./drivers/mss_sys_services/mss_comblk.o
 .bss.g_request_in_progress
                0x20004d50        0x1 ./drivers/mss_sys_services/mss_comblk.o
 .bss.g_comblk_state
                0x20004d51        0x1 ./drivers/mss_sys_services/mss_comblk.o
 *fill*         0x20004d52        0x2 
 .bss.g_async_event_handler
                0x20004d54        0x4 ./drivers/mss_sys_services/mss_comblk.o
 .bss.g_transfer
                0x20004d58       0x18 ./drivers/mss_hpdma/mss_hpdma.o
 .bss.g_hpdma_end_desc
                0x20004d70        0x4 ./drivers/mss_hpdma/mss_hpdma.o
 .bss.g_hpdma_current_desc
                0x20004d74        0x4 ./drivers/mss_hpdma/mss_hpdma.o
 *(COMMON)
 COMMON         0x20004d78      0x108 ./drivers/mss_spi/mss_spi.o
                0x20004d78                g_mss_spi1
                0x20004dfc                g_mss_spi0
 COMMON         0x20004e80       0x14 ./main.o
                0x20004e80                g_gpio
                0x20004e88                g_uart
                0x20004e90                the_pwm
                0x20004ea0                . = ALIGN (0x10)
 *fill*         0x20004e94        0xc 
                0x20004ea0                __bss_end__ = .
                0x20004ea0                _end = .
                0x20004ea0                __end = _end
                0x20004ea0                _ebss = .
                0x20004ea0                PROVIDE (end, .)

.heap           0x20004ea0     0xa160
                0x20004ea0                __heap_start__ = .
                0x20005ea0                . = (. + MIN_SIZE_HEAP)
 *fill*         0x20004ea0     0x1000 
                0x2000f000                . = (. + (((ABSOLUTE (RAM_START_ADDRESS) + RAM_SIZE) - MAIN_STACK_SIZE) - .))
 *fill*         0x20005ea0     0x9160 
                0x2000f000                _eheap = .

.stack          0x2000f000     0x1000
                0x2000f000                __stack_start__ = .
                0x20010000                . = (. + MAIN_STACK_SIZE)
 *fill*         0x2000f000     0x1000 
                0x20010000                _estack = .

.stab
 *(.stab)

.stabstr
 *(.stabstr)

.debug
 *(.debug)

.line
 *(.line)

.debug_srcinfo
 *(.debug_srcinfo)

.debug_sfnames
 *(.debug_sfnames)

.debug_aranges  0x00000000      0x878
 *(.debug_aranges)
 .debug_aranges
                0x00000000       0x20 ./hal/CortexM3/GNU/hal.o
 .debug_aranges
                0x00000020       0x20 ./hal/CortexM3/GNU/hw_reg_access.o
 .debug_aranges
                0x00000040       0x48 ./hal/CortexM3/cortex_nvic.o
 .debug_aranges
                0x00000088       0x18 ./drivers_config/sys_config/sys_config.o
 .debug_aranges
                0x000000a0       0x90 ./drivers/mss_sys_services/mss_comblk.o
 .debug_aranges
                0x00000130      0x1c8 ./drivers/mss_sys_services/mss_sys_services.o
 .debug_aranges
                0x000002f8       0xe0 ./drivers/mss_spi/mss_spi.o
 .debug_aranges
                0x000003d8       0xc0 ./drivers/mss_rtc/mss_rtc.o
 .debug_aranges
                0x00000498       0x80 ./drivers/mss_nvm/mss_nvm.o
 .debug_aranges
                0x00000518       0x80 ./drivers/mss_hpdma/mss_hpdma.o
 .debug_aranges
                0x00000598       0x48 ./drivers/CoreUARTapb/core_uart_apb.o
 .debug_aranges
                0x000005e0       0xb8 ./drivers/CorePWM/core_pwm.o
 .debug_aranges
                0x00000698       0x68 ./drivers/CoreGPIO/core_gpio.o
 .debug_aranges
                0x00000700       0x20 ./CMSIS/startup_gcc/startup_m2sxxx.o
 .debug_aranges
                0x00000720       0x50 ./CMSIS/system_m2sxxx.o
 .debug_aranges
                0x00000770      0x108 ./main.o

.debug_pubnames
 *(.debug_pubnames)

.debug_info     0x00000000     0xaba1
 *(.debug_info .gnu.linkonce.wi.*)
 .debug_info    0x00000000       0x8e ./hal/CortexM3/GNU/hal.o
 .debug_info    0x0000008e       0x98 ./hal/CortexM3/GNU/hw_reg_access.o
 .debug_info    0x00000126      0x18b ./hal/CortexM3/cortex_nvic.o
 .debug_info    0x000002b1       0x96 ./drivers_config/sys_config/sys_config.o
 .debug_info    0x00000347      0xb0d ./drivers/mss_sys_services/mss_comblk.o
 .debug_info    0x00000e54     0x1e16 ./drivers/mss_sys_services/mss_sys_services.o
 .debug_info    0x00002c6a     0x1592 ./drivers/mss_spi/mss_spi.o
 .debug_info    0x000041fc     0x1165 ./drivers/mss_rtc/mss_rtc.o
 .debug_info    0x00005361     0x114e ./drivers/mss_nvm/mss_nvm.o
 .debug_info    0x000064af     0x1169 ./drivers/mss_hpdma/mss_hpdma.o
 .debug_info    0x00007618      0x374 ./drivers/CoreUARTapb/core_uart_apb.o
 .debug_info    0x0000798c      0xaeb ./drivers/CorePWM/core_pwm.o
 .debug_info    0x00008477      0x56d ./drivers/CoreGPIO/core_gpio.o
 .debug_info    0x000089e4       0x9a ./CMSIS/startup_gcc/startup_m2sxxx.o
 .debug_info    0x00008a7e      0xaa3 ./CMSIS/system_m2sxxx.o
 .debug_info    0x00009521     0x1680 ./main.o

.debug_abbrev   0x00000000     0x160e
 *(.debug_abbrev)
 .debug_abbrev  0x00000000       0x14 ./hal/CortexM3/GNU/hal.o
 .debug_abbrev  0x00000014       0x14 ./hal/CortexM3/GNU/hw_reg_access.o
 .debug_abbrev  0x00000028       0xa3 ./hal/CortexM3/cortex_nvic.o
 .debug_abbrev  0x000000cb       0x4e ./drivers_config/sys_config/sys_config.o
 .debug_abbrev  0x00000119      0x1d2 ./drivers/mss_sys_services/mss_comblk.o
 .debug_abbrev  0x000002eb      0x251 ./drivers/mss_sys_services/mss_sys_services.o
 .debug_abbrev  0x0000053c      0x22c ./drivers/mss_spi/mss_spi.o
 .debug_abbrev  0x00000768      0x268 ./drivers/mss_rtc/mss_rtc.o
 .debug_abbrev  0x000009d0      0x1cb ./drivers/mss_nvm/mss_nvm.o
 .debug_abbrev  0x00000b9b      0x246 ./drivers/mss_hpdma/mss_hpdma.o
 .debug_abbrev  0x00000de1      0x10d ./drivers/CoreUARTapb/core_uart_apb.o
 .debug_abbrev  0x00000eee      0x168 ./drivers/CorePWM/core_pwm.o
 .debug_abbrev  0x00001056      0x140 ./drivers/CoreGPIO/core_gpio.o
 .debug_abbrev  0x00001196       0x14 ./CMSIS/startup_gcc/startup_m2sxxx.o
 .debug_abbrev  0x000011aa      0x189 ./CMSIS/system_m2sxxx.o
 .debug_abbrev  0x00001333      0x2db ./main.o

.debug_line     0x00000000     0x4f98
 *(.debug_line)
 .debug_line    0x00000000       0x4d ./hal/CortexM3/GNU/hal.o
 .debug_line    0x0000004d       0x8b ./hal/CortexM3/GNU/hw_reg_access.o
 .debug_line    0x000000d8      0x2b0 ./hal/CortexM3/cortex_nvic.o
 .debug_line    0x00000388      0x2aa ./drivers_config/sys_config/sys_config.o
 .debug_line    0x00000632      0x53d ./drivers/mss_sys_services/mss_comblk.o
 .debug_line    0x00000b6f      0xdaf ./drivers/mss_sys_services/mss_sys_services.o
 .debug_line    0x0000191e      0x7c9 ./drivers/mss_spi/mss_spi.o
 .debug_line    0x000020e7      0x676 ./drivers/mss_rtc/mss_rtc.o
 .debug_line    0x0000275d      0x696 ./drivers/mss_nvm/mss_nvm.o
 .debug_line    0x00002df3      0x467 ./drivers/mss_hpdma/mss_hpdma.o
 .debug_line    0x0000325a      0x43f ./drivers/CoreUARTapb/core_uart_apb.o
 .debug_line    0x00003699      0x6c6 ./drivers/CorePWM/core_pwm.o
 .debug_line    0x00003d5f      0x47c ./drivers/CoreGPIO/core_gpio.o
 .debug_line    0x000041db      0x190 ./CMSIS/startup_gcc/startup_m2sxxx.o
 .debug_line    0x0000436b      0x354 ./CMSIS/system_m2sxxx.o
 .debug_line    0x000046bf      0x8d9 ./main.o

.debug_frame    0x00000000     0x2abc
 *(.debug_frame)
 .debug_frame   0x00000000       0xf8 ./hal/CortexM3/cortex_nvic.o
 .debug_frame   0x000000f8      0x240 ./drivers/mss_sys_services/mss_comblk.o
 .debug_frame   0x00000338      0x7e0 ./drivers/mss_sys_services/mss_sys_services.o
 .debug_frame   0x00000b18      0x3c0 ./drivers/mss_spi/mss_spi.o
 .debug_frame   0x00000ed8      0x324 ./drivers/mss_rtc/mss_rtc.o
 .debug_frame   0x000011fc      0x208 ./drivers/mss_nvm/mss_nvm.o
 .debug_frame   0x00001404      0x210 ./drivers/mss_hpdma/mss_hpdma.o
 .debug_frame   0x00001614       0xf0 ./drivers/CoreUARTapb/core_uart_apb.o
 .debug_frame   0x00001704      0x2e0 ./drivers/CorePWM/core_pwm.o
 .debug_frame   0x000019e4      0x178 ./drivers/CoreGPIO/core_gpio.o
 .debug_frame   0x00001b5c      0x10c ./CMSIS/system_m2sxxx.o
 .debug_frame   0x00001c68      0x428 ./main.o
 .debug_frame   0x00002090       0x28 c:/microsemi/softconsole_v4.0/arm-none-eabi-gcc/bin/../lib/gcc/arm-none-eabi/4.9.3/../../../../arm-none-eabi/lib/armv7-m\libg.a(lib_a-exit.o)
 .debug_frame   0x000020b8       0x2c c:/microsemi/softconsole_v4.0/arm-none-eabi-gcc/bin/../lib/gcc/arm-none-eabi/4.9.3/../../../../arm-none-eabi/lib/armv7-m\libg.a(lib_a-init.o)
 .debug_frame   0x000020e4       0x34 c:/microsemi/softconsole_v4.0/arm-none-eabi-gcc/bin/../lib/gcc/arm-none-eabi/4.9.3/../../../../arm-none-eabi/lib/armv7-m\libg.a(lib_a-memset.o)
 .debug_frame   0x00002118       0x50 c:/microsemi/softconsole_v4.0/arm-none-eabi-gcc/bin/../lib/gcc/arm-none-eabi/4.9.3/../../../../arm-none-eabi/lib/armv7-m\libg.a(lib_a-__call_atexit.o)
 .debug_frame   0x00002168       0x20 c:/microsemi/softconsole_v4.0/arm-none-eabi-gcc/bin/../lib/gcc/arm-none-eabi/4.9.3/../../../../arm-none-eabi/lib/armv7-m\libg.a(lib_a-atexit.o)
 .debug_frame   0x00002188       0x34 c:/microsemi/softconsole_v4.0/arm-none-eabi-gcc/bin/../lib/gcc/arm-none-eabi/4.9.3/../../../../arm-none-eabi/lib/armv7-m\libg.a(lib_a-fini.o)
 .debug_frame   0x000021bc       0x34 c:/microsemi/softconsole_v4.0/arm-none-eabi-gcc/bin/../lib/gcc/arm-none-eabi/4.9.3/../../../../arm-none-eabi/lib/armv7-m\libg.a(lib_a-__atexit.o)
 .debug_frame   0x000021f0      0x364 c:/microsemi/softconsole_v4.0/arm-none-eabi-gcc/bin/../lib/gcc/arm-none-eabi/4.9.3/../../../../arm-none-eabi/lib/armv7-m\librdimon.a(rdimon-syscalls.o)
 .debug_frame   0x00002554       0x20 c:/microsemi/softconsole_v4.0/arm-none-eabi-gcc/bin/../lib/gcc/arm-none-eabi/4.9.3/../../../../arm-none-eabi/lib/armv7-m\librdimon.a(rdimon-_exit.o)
 .debug_frame   0x00002574       0x2c c:/microsemi/softconsole_v4.0/arm-none-eabi-gcc/bin/../lib/gcc/arm-none-eabi/4.9.3/../../../../arm-none-eabi/lib/armv7-m\librdimon.a(rdimon-_kill.o)
 .debug_frame   0x000025a0       0x20 c:/microsemi/softconsole_v4.0/arm-none-eabi-gcc/bin/../lib/gcc/arm-none-eabi/4.9.3/../../../../arm-none-eabi/lib/armv7-m\libc.a(lib_a-errno.o)
 .debug_frame   0x000025c0      0x124 c:/microsemi/softconsole_v4.0/arm-none-eabi-gcc/bin/../lib/gcc/arm-none-eabi/4.9.3/../../../../arm-none-eabi/lib/armv7-m\libc.a(lib_a-findfp.o)
 .debug_frame   0x000026e4       0x54 c:/microsemi/softconsole_v4.0/arm-none-eabi-gcc/bin/../lib/gcc/arm-none-eabi/4.9.3/../../../../arm-none-eabi/lib/armv7-m\libc.a(lib_a-fwalk.o)
 .debug_frame   0x00002738       0x54 c:/microsemi/softconsole_v4.0/arm-none-eabi-gcc/bin/../lib/gcc/arm-none-eabi/4.9.3/../../../../arm-none-eabi/lib/armv7-m\libc.a(lib_a-mallocr.o)
 .debug_frame   0x0000278c       0x30 c:/microsemi/softconsole_v4.0/arm-none-eabi-gcc/bin/../lib/gcc/arm-none-eabi/4.9.3/../../../../arm-none-eabi/lib/armv7-m\libc.a(lib_a-mlock.o)
 .debug_frame   0x000027bc       0x2c c:/microsemi/softconsole_v4.0/arm-none-eabi-gcc/bin/../lib/gcc/arm-none-eabi/4.9.3/../../../../arm-none-eabi/lib/armv7-m\libc.a(lib_a-sbrkr.o)
 .debug_frame   0x000027e8       0x88 c:/microsemi/softconsole_v4.0/arm-none-eabi-gcc/bin/../lib/gcc/arm-none-eabi/4.9.3/../../../../arm-none-eabi/lib/armv7-m\libc.a(lib_a-stdio.o)
 .debug_frame   0x00002870       0x20 c:/microsemi/softconsole_v4.0/arm-none-eabi-gcc/bin/../lib/gcc/arm-none-eabi/4.9.3/../../../../arm-none-eabi/lib/armv7-m\libc.a(lib_a-strlen.o)
 .debug_frame   0x00002890       0x2c c:/microsemi/softconsole_v4.0/arm-none-eabi-gcc/bin/../lib/gcc/arm-none-eabi/4.9.3/../../../../arm-none-eabi/lib/armv7-m\libc.a(lib_a-writer.o)
 .debug_frame   0x000028bc       0x2c c:/microsemi/softconsole_v4.0/arm-none-eabi-gcc/bin/../lib/gcc/arm-none-eabi/4.9.3/../../../../arm-none-eabi/lib/armv7-m\libc.a(lib_a-closer.o)
 .debug_frame   0x000028e8       0x44 c:/microsemi/softconsole_v4.0/arm-none-eabi-gcc/bin/../lib/gcc/arm-none-eabi/4.9.3/../../../../arm-none-eabi/lib/armv7-m\libc.a(lib_a-fclose.o)
 .debug_frame   0x0000292c       0x6c c:/microsemi/softconsole_v4.0/arm-none-eabi-gcc/bin/../lib/gcc/arm-none-eabi/4.9.3/../../../../arm-none-eabi/lib/armv7-m\libc.a(lib_a-fflush.o)
 .debug_frame   0x00002998       0x74 c:/microsemi/softconsole_v4.0/arm-none-eabi-gcc/bin/../lib/gcc/arm-none-eabi/4.9.3/../../../../arm-none-eabi/lib/armv7-m\libc.a(lib_a-freer.o)
 .debug_frame   0x00002a0c       0x2c c:/microsemi/softconsole_v4.0/arm-none-eabi-gcc/bin/../lib/gcc/arm-none-eabi/4.9.3/../../../../arm-none-eabi/lib/armv7-m\libc.a(lib_a-lseekr.o)
 .debug_frame   0x00002a38       0x2c c:/microsemi/softconsole_v4.0/arm-none-eabi-gcc/bin/../lib/gcc/arm-none-eabi/4.9.3/../../../../arm-none-eabi/lib/armv7-m\libc.a(lib_a-readr.o)
 .debug_frame   0x00002a64       0x58 c:/microsemi/softconsole_v4.0/arm-none-eabi-gcc/bin/../lib/gcc/arm-none-eabi/4.9.3/../../../../arm-none-eabi/lib/armv7-m\libc.a(lib_a-reent.o)

.debug_str      0x00000000    0x14968
 *(.debug_str)
 .debug_str     0x00000000     0x34a5 ./hal/CortexM3/cortex_nvic.o
                               0x3622 (size before relaxing)
 .debug_str     0x000034a5     0x5708 ./drivers_config/sys_config/sys_config.o
                               0x8716 (size before relaxing)
 .debug_str     0x00008bad      0xa28 ./drivers/mss_sys_services/mss_comblk.o
                               0x94df (size before relaxing)
 .debug_str     0x000095d5     0x4b0c ./drivers/mss_sys_services/mss_sys_services.o
                               0xd701 (size before relaxing)
 .debug_str     0x0000e0e1      0xae6 ./drivers/mss_spi/mss_spi.o
                               0xc26c (size before relaxing)
 .debug_str     0x0000ebc7      0x832 ./drivers/mss_rtc/mss_rtc.o
                               0xbeab (size before relaxing)
 .debug_str     0x0000f3f9      0xce6 ./drivers/mss_nvm/mss_nvm.o
                               0x9e42 (size before relaxing)
 .debug_str     0x000100df      0x754 ./drivers/mss_hpdma/mss_hpdma.o
                               0x9df9 (size before relaxing)
 .debug_str     0x00010833      0xf46 ./drivers/CoreUARTapb/core_uart_apb.o
                               0x44f1 (size before relaxing)
 .debug_str     0x00011779      0xe48 ./drivers/CorePWM/core_pwm.o
                               0x4b62 (size before relaxing)
 .debug_str     0x000125c1      0x996 ./drivers/CoreGPIO/core_gpio.o
                               0x46a6 (size before relaxing)
 .debug_str     0x00012f57      0x552 ./CMSIS/system_m2sxxx.o
                               0x93c5 (size before relaxing)
 .debug_str     0x000134a9     0x14bf ./main.o
                               0xd9b8 (size before relaxing)

.debug_loc
 *(.debug_loc)

.debug_macinfo
 *(.debug_macinfo)

.debug_weaknames
 *(.debug_weaknames)

.debug_funcnames
 *(.debug_funcnames)

.debug_typenames
 *(.debug_typenames)

.debug_varnames
 *(.debug_varnames)

.note.gnu.arm.ident
 *(.note.gnu.arm.ident)

.ARM.attributes
                0x00000000       0x29
 *(.ARM.attributes)
 .ARM.attributes
                0x00000000       0x1d c:/microsemi/softconsole_v4.0/arm-none-eabi-gcc/bin/../lib/gcc/arm-none-eabi/4.9.3/armv7-m/crti.o
 .ARM.attributes
                0x0000001d       0x2d c:/microsemi/softconsole_v4.0/arm-none-eabi-gcc/bin/../lib/gcc/arm-none-eabi/4.9.3/armv7-m/crtbegin.o
 .ARM.attributes
                0x0000004a       0x1b c:/microsemi/softconsole_v4.0/arm-none-eabi-gcc/bin/../lib/gcc/arm-none-eabi/4.9.3/../../../../arm-none-eabi/lib/armv7-m/rdimon-crt0.o
 .ARM.attributes
                0x00000065       0x21 ./hal/CortexM3/GNU/hal.o
 .ARM.attributes
                0x00000086       0x21 ./hal/CortexM3/GNU/hw_reg_access.o
 .ARM.attributes
                0x000000a7       0x33 ./hal/CortexM3/cortex_nvic.o
 .ARM.attributes
                0x000000da       0x33 ./drivers_config/sys_config/sys_config.o
 .ARM.attributes
                0x0000010d       0x33 ./drivers/mss_sys_services/mss_comblk.o
 .ARM.attributes
                0x00000140       0x33 ./drivers/mss_sys_services/mss_sys_services.o
 .ARM.attributes
                0x00000173       0x33 ./drivers/mss_spi/mss_spi.o
 .ARM.attributes
                0x000001a6       0x33 ./drivers/mss_rtc/mss_rtc.o
 .ARM.attributes
                0x000001d9       0x33 ./drivers/mss_nvm/mss_nvm.o
 .ARM.attributes
                0x0000020c       0x33 ./drivers/mss_hpdma/mss_hpdma.o
 .ARM.attributes
                0x0000023f       0x33 ./drivers/CoreUARTapb/core_uart_apb.o
 .ARM.attributes
                0x00000272       0x33 ./drivers/CorePWM/core_pwm.o
 .ARM.attributes
                0x000002a5       0x33 ./drivers/CoreGPIO/core_gpio.o
 .ARM.attributes
                0x000002d8       0x21 ./CMSIS/startup_gcc/startup_m2sxxx.o
 .ARM.attributes
                0x000002f9       0x33 ./CMSIS/system_m2sxxx.o
 .ARM.attributes
                0x0000032c       0x33 ./main.o
 .ARM.attributes
                0x0000035f       0x1d c:/microsemi/softconsole_v4.0/arm-none-eabi-gcc/bin/../lib/gcc/arm-none-eabi/4.9.3/armv7-m\libgcc.a(_arm_addsubdf3.o)
 .ARM.attributes
                0x0000037c       0x1d c:/microsemi/softconsole_v4.0/arm-none-eabi-gcc/bin/../lib/gcc/arm-none-eabi/4.9.3/armv7-m\libgcc.a(_arm_muldivdf3.o)
 .ARM.attributes
                0x00000399       0x1d c:/microsemi/softconsole_v4.0/arm-none-eabi-gcc/bin/../lib/gcc/arm-none-eabi/4.9.3/armv7-m\libgcc.a(_arm_truncdfsf2.o)
 .ARM.attributes
                0x000003b6       0x1d c:/microsemi/softconsole_v4.0/arm-none-eabi-gcc/bin/../lib/gcc/arm-none-eabi/4.9.3/armv7-m\libgcc.a(_arm_addsubsf3.o)
 .ARM.attributes
                0x000003d3       0x1d c:/microsemi/softconsole_v4.0/arm-none-eabi-gcc/bin/../lib/gcc/arm-none-eabi/4.9.3/armv7-m\libgcc.a(_arm_cmpsf2.o)
 .ARM.attributes
                0x000003f0       0x1d c:/microsemi/softconsole_v4.0/arm-none-eabi-gcc/bin/../lib/gcc/arm-none-eabi/4.9.3/armv7-m\libgcc.a(_arm_fixsfsi.o)
 .ARM.attributes
                0x0000040d       0x2d c:/microsemi/softconsole_v4.0/arm-none-eabi-gcc/bin/../lib/gcc/arm-none-eabi/4.9.3/../../../../arm-none-eabi/lib/armv7-m\libg.a(lib_a-exit.o)
 .ARM.attributes
                0x0000043a       0x2d c:/microsemi/softconsole_v4.0/arm-none-eabi-gcc/bin/../lib/gcc/arm-none-eabi/4.9.3/../../../../arm-none-eabi/lib/armv7-m\libg.a(lib_a-impure.o)
 .ARM.attributes
                0x00000467       0x2d c:/microsemi/softconsole_v4.0/arm-none-eabi-gcc/bin/../lib/gcc/arm-none-eabi/4.9.3/../../../../arm-none-eabi/lib/armv7-m\libg.a(lib_a-init.o)
 .ARM.attributes
                0x00000494       0x1b c:/microsemi/softconsole_v4.0/arm-none-eabi-gcc/bin/../lib/gcc/arm-none-eabi/4.9.3/../../../../arm-none-eabi/lib/armv7-m\libg.a(lib_a-memcpy.o)
 .ARM.attributes
                0x000004af       0x2d c:/microsemi/softconsole_v4.0/arm-none-eabi-gcc/bin/../lib/gcc/arm-none-eabi/4.9.3/../../../../arm-none-eabi/lib/armv7-m\libg.a(lib_a-memset.o)
 .ARM.attributes
                0x000004dc       0x2d c:/microsemi/softconsole_v4.0/arm-none-eabi-gcc/bin/../lib/gcc/arm-none-eabi/4.9.3/../../../../arm-none-eabi/lib/armv7-m\libg.a(lib_a-__call_atexit.o)
 .ARM.attributes
                0x00000509       0x2d c:/microsemi/softconsole_v4.0/arm-none-eabi-gcc/bin/../lib/gcc/arm-none-eabi/4.9.3/../../../../arm-none-eabi/lib/armv7-m\libg.a(lib_a-atexit.o)
 .ARM.attributes
                0x00000536       0x2d c:/microsemi/softconsole_v4.0/arm-none-eabi-gcc/bin/../lib/gcc/arm-none-eabi/4.9.3/../../../../arm-none-eabi/lib/armv7-m\libg.a(lib_a-fini.o)
 .ARM.attributes
                0x00000563       0x2d c:/microsemi/softconsole_v4.0/arm-none-eabi-gcc/bin/../lib/gcc/arm-none-eabi/4.9.3/../../../../arm-none-eabi/lib/armv7-m\libg.a(lib_a-__atexit.o)
 .ARM.attributes
                0x00000590       0x2d c:/microsemi/softconsole_v4.0/arm-none-eabi-gcc/bin/../lib/gcc/arm-none-eabi/4.9.3/../../../../arm-none-eabi/lib/armv7-m\librdimon.a(rdimon-syscalls.o)
 .ARM.attributes
                0x000005bd       0x2d c:/microsemi/softconsole_v4.0/arm-none-eabi-gcc/bin/../lib/gcc/arm-none-eabi/4.9.3/../../../../arm-none-eabi/lib/armv7-m\librdimon.a(rdimon-_exit.o)
 .ARM.attributes
                0x000005ea       0x2d c:/microsemi/softconsole_v4.0/arm-none-eabi-gcc/bin/../lib/gcc/arm-none-eabi/4.9.3/../../../../arm-none-eabi/lib/armv7-m\librdimon.a(rdimon-_kill.o)
 .ARM.attributes
                0x00000617       0x2d c:/microsemi/softconsole_v4.0/arm-none-eabi-gcc/bin/../lib/gcc/arm-none-eabi/4.9.3/../../../../arm-none-eabi/lib/armv7-m\libc.a(lib_a-errno.o)
 .ARM.attributes
                0x00000644       0x2d c:/microsemi/softconsole_v4.0/arm-none-eabi-gcc/bin/../lib/gcc/arm-none-eabi/4.9.3/../../../../arm-none-eabi/lib/armv7-m\libc.a(lib_a-findfp.o)
 .ARM.attributes
                0x00000671       0x2d c:/microsemi/softconsole_v4.0/arm-none-eabi-gcc/bin/../lib/gcc/arm-none-eabi/4.9.3/../../../../arm-none-eabi/lib/armv7-m\libc.a(lib_a-fwalk.o)
 .ARM.attributes
                0x0000069e       0x2d c:/microsemi/softconsole_v4.0/arm-none-eabi-gcc/bin/../lib/gcc/arm-none-eabi/4.9.3/../../../../arm-none-eabi/lib/armv7-m\libc.a(lib_a-mallocr.o)
 .ARM.attributes
                0x000006cb       0x2d c:/microsemi/softconsole_v4.0/arm-none-eabi-gcc/bin/../lib/gcc/arm-none-eabi/4.9.3/../../../../arm-none-eabi/lib/armv7-m\libc.a(lib_a-mlock.o)
 .ARM.attributes
                0x000006f8       0x2d c:/microsemi/softconsole_v4.0/arm-none-eabi-gcc/bin/../lib/gcc/arm-none-eabi/4.9.3/../../../../arm-none-eabi/lib/armv7-m\libc.a(lib_a-sbrkr.o)
 .ARM.attributes
                0x00000725       0x2d c:/microsemi/softconsole_v4.0/arm-none-eabi-gcc/bin/../lib/gcc/arm-none-eabi/4.9.3/../../../../arm-none-eabi/lib/armv7-m\libc.a(lib_a-stdio.o)
 .ARM.attributes
                0x00000752       0x2d c:/microsemi/softconsole_v4.0/arm-none-eabi-gcc/bin/../lib/gcc/arm-none-eabi/4.9.3/../../../../arm-none-eabi/lib/armv7-m\libc.a(lib_a-strlen.o)
 .ARM.attributes
                0x0000077f       0x2d c:/microsemi/softconsole_v4.0/arm-none-eabi-gcc/bin/../lib/gcc/arm-none-eabi/4.9.3/../../../../arm-none-eabi/lib/armv7-m\libc.a(lib_a-writer.o)
 .ARM.attributes
                0x000007ac       0x2d c:/microsemi/softconsole_v4.0/arm-none-eabi-gcc/bin/../lib/gcc/arm-none-eabi/4.9.3/../../../../arm-none-eabi/lib/armv7-m\libc.a(lib_a-closer.o)
 .ARM.attributes
                0x000007d9       0x2d c:/microsemi/softconsole_v4.0/arm-none-eabi-gcc/bin/../lib/gcc/arm-none-eabi/4.9.3/../../../../arm-none-eabi/lib/armv7-m\libc.a(lib_a-fclose.o)
 .ARM.attributes
                0x00000806       0x2d c:/microsemi/softconsole_v4.0/arm-none-eabi-gcc/bin/../lib/gcc/arm-none-eabi/4.9.3/../../../../arm-none-eabi/lib/armv7-m\libc.a(lib_a-fflush.o)
 .ARM.attributes
                0x00000833       0x2d c:/microsemi/softconsole_v4.0/arm-none-eabi-gcc/bin/../lib/gcc/arm-none-eabi/4.9.3/../../../../arm-none-eabi/lib/armv7-m\libc.a(lib_a-freer.o)
 .ARM.attributes
                0x00000860       0x2d c:/microsemi/softconsole_v4.0/arm-none-eabi-gcc/bin/../lib/gcc/arm-none-eabi/4.9.3/../../../../arm-none-eabi/lib/armv7-m\libc.a(lib_a-lseekr.o)
 .ARM.attributes
                0x0000088d       0x2d c:/microsemi/softconsole_v4.0/arm-none-eabi-gcc/bin/../lib/gcc/arm-none-eabi/4.9.3/../../../../arm-none-eabi/lib/armv7-m\libc.a(lib_a-readr.o)
 .ARM.attributes
                0x000008ba       0x2d c:/microsemi/softconsole_v4.0/arm-none-eabi-gcc/bin/../lib/gcc/arm-none-eabi/4.9.3/../../../../arm-none-eabi/lib/armv7-m\libc.a(lib_a-reent.o)
 .ARM.attributes
                0x000008e7       0x2d c:/microsemi/softconsole_v4.0/arm-none-eabi-gcc/bin/../lib/gcc/arm-none-eabi/4.9.3/armv7-m/crtend.o
 .ARM.attributes
                0x00000914       0x1d c:/microsemi/softconsole_v4.0/arm-none-eabi-gcc/bin/../lib/gcc/arm-none-eabi/4.9.3/armv7-m/crtn.o

/DISCARD/
 *(.note.GNU-stack)
 *(.isr_vector)
OUTPUT(servoarm.elf elf32-littlearm)

.debug_ranges   0x00000000      0x740
 .debug_ranges  0x00000000       0x38 ./hal/CortexM3/cortex_nvic.o
 .debug_ranges  0x00000038       0x80 ./drivers/mss_sys_services/mss_comblk.o
 .debug_ranges  0x000000b8      0x1b8 ./drivers/mss_sys_services/mss_sys_services.o
 .debug_ranges  0x00000270       0xd0 ./drivers/mss_spi/mss_spi.o
 .debug_ranges  0x00000340       0xb0 ./drivers/mss_rtc/mss_rtc.o
 .debug_ranges  0x000003f0       0x70 ./drivers/mss_nvm/mss_nvm.o
 .debug_ranges  0x00000460       0x70 ./drivers/mss_hpdma/mss_hpdma.o
 .debug_ranges  0x000004d0       0x38 ./drivers/CoreUARTapb/core_uart_apb.o
 .debug_ranges  0x00000508       0xa8 ./drivers/CorePWM/core_pwm.o
 .debug_ranges  0x000005b0       0x58 ./drivers/CoreGPIO/core_gpio.o
 .debug_ranges  0x00000608       0x40 ./CMSIS/system_m2sxxx.o
 .debug_ranges  0x00000648       0xf8 ./main.o

.debug_macro    0x00000000     0x46a4
 .debug_macro   0x00000000       0xa8 ./hal/CortexM3/cortex_nvic.o
 .debug_macro   0x000000a8      0x862 ./hal/CortexM3/cortex_nvic.o
 .debug_macro   0x0000090a       0x22 ./hal/CortexM3/cortex_nvic.o
 .debug_macro   0x0000092c       0x44 ./hal/CortexM3/cortex_nvic.o
 .debug_macro   0x00000970       0x58 ./hal/CortexM3/cortex_nvic.o
 .debug_macro   0x000009c8       0x22 ./hal/CortexM3/cortex_nvic.o
 .debug_macro   0x000009ea      0x1df ./hal/CortexM3/cortex_nvic.o
 .debug_macro   0x00000bc9       0x58 ./hal/CortexM3/cortex_nvic.o
 .debug_macro   0x00000c21       0x35 ./hal/CortexM3/cortex_nvic.o
 .debug_macro   0x00000c56       0x9c ./hal/CortexM3/cortex_nvic.o
 .debug_macro   0x00000cf2       0x1c ./hal/CortexM3/cortex_nvic.o
 .debug_macro   0x00000d0e       0xa9 ./drivers_config/sys_config/sys_config.o
 .debug_macro   0x00000db7       0x26 ./drivers_config/sys_config/sys_config.o
 .debug_macro   0x00000ddd       0x3a ./drivers_config/sys_config/sys_config.o
 .debug_macro   0x00000e17       0x34 ./drivers_config/sys_config/sys_config.o
 .debug_macro   0x00000e4b      0xc83 ./drivers_config/sys_config/sys_config.o
 .debug_macro   0x00001ace      0x265 ./drivers_config/sys_config/sys_config.o
 .debug_macro   0x00001d33       0x3a ./drivers_config/sys_config/sys_config.o
 .debug_macro   0x00001d6d       0x34 ./drivers_config/sys_config/sys_config.o
 .debug_macro   0x00001da1      0x14b ./drivers/mss_sys_services/mss_comblk.o
 .debug_macro   0x00001eec      0x3bd ./drivers/mss_sys_services/mss_sys_services.o
 .debug_macro   0x000022a9      0x2f8 ./drivers/mss_sys_services/mss_sys_services.o
 .debug_macro   0x000025a1      0x16d ./drivers/mss_sys_services/mss_sys_services.o
 .debug_macro   0x0000270e       0x52 ./drivers/mss_sys_services/mss_sys_services.o
 .debug_macro   0x00002760       0x16 ./drivers/mss_sys_services/mss_sys_services.o
 .debug_macro   0x00002776       0x43 ./drivers/mss_sys_services/mss_sys_services.o
 .debug_macro   0x000027b9      0x180 ./drivers/mss_sys_services/mss_sys_services.o
 .debug_macro   0x00002939      0x27a ./drivers/mss_sys_services/mss_sys_services.o
 .debug_macro   0x00002bb3       0x10 ./drivers/mss_sys_services/mss_sys_services.o
 .debug_macro   0x00002bc3       0x35 ./drivers/mss_sys_services/mss_sys_services.o
 .debug_macro   0x00002bf8      0x233 ./drivers/mss_spi/mss_spi.o
 .debug_macro   0x00002e2b      0x1fb ./drivers/mss_rtc/mss_rtc.o
 .debug_macro   0x00003026       0x4a ./drivers/mss_rtc/mss_rtc.o
 .debug_macro   0x00003070      0x292 ./drivers/mss_nvm/mss_nvm.o
 .debug_macro   0x00003302       0x16 ./drivers/mss_nvm/mss_nvm.o
 .debug_macro   0x00003318      0x134 ./drivers/mss_hpdma/mss_hpdma.o
 .debug_macro   0x0000344c       0x4a ./drivers/mss_hpdma/mss_hpdma.o
 .debug_macro   0x00003496       0x10 ./drivers/mss_hpdma/mss_hpdma.o
 .debug_macro   0x000034a6      0x119 ./drivers/CoreUARTapb/core_uart_apb.o
 .debug_macro   0x000035bf       0x64 ./drivers/CoreUARTapb/core_uart_apb.o
 .debug_macro   0x00003623      0x106 ./drivers/CoreUARTapb/core_uart_apb.o
 .debug_macro   0x00003729       0x46 ./drivers/CoreUARTapb/core_uart_apb.o
 .debug_macro   0x0000376f       0xfd ./drivers/CorePWM/core_pwm.o
 .debug_macro   0x0000386c       0x12 ./drivers/CorePWM/core_pwm.o
 .debug_macro   0x0000387e      0x191 ./drivers/CorePWM/core_pwm.o
 .debug_macro   0x00003a0f      0x10d ./drivers/CoreGPIO/core_gpio.o
 .debug_macro   0x00003b1c      0x11c ./drivers/CoreGPIO/core_gpio.o
 .debug_macro   0x00003c38       0x64 ./drivers/CoreGPIO/core_gpio.o
 .debug_macro   0x00003c9c      0x155 ./CMSIS/system_m2sxxx.o
 .debug_macro   0x00003df1      0x31f ./main.o
 .debug_macro   0x00004110       0x22 ./main.o
 .debug_macro   0x00004132      0x122 ./main.o
 .debug_macro   0x00004254       0x16 ./main.o
 .debug_macro   0x0000426a       0x97 ./main.o
 .debug_macro   0x00004301       0xf6 ./main.o
 .debug_macro   0x000043f7       0x10 ./main.o
 .debug_macro   0x00004407       0x10 ./main.o
 .debug_macro   0x00004417       0x22 ./main.o
 .debug_macro   0x00004439       0xbe ./main.o
 .debug_macro   0x000044f7       0x16 ./main.o
 .debug_macro   0x0000450d      0x197 ./main.o

.comment        0x00000000       0x70
 .comment       0x00000000       0x70 ./hal/CortexM3/cortex_nvic.o
                                 0x71 (size before relaxing)
 .comment       0x00000000       0x71 ./drivers_config/sys_config/sys_config.o
 .comment       0x00000000       0x71 ./drivers/mss_sys_services/mss_comblk.o
 .comment       0x00000000       0x71 ./drivers/mss_sys_services/mss_sys_services.o
 .comment       0x00000000       0x71 ./drivers/mss_spi/mss_spi.o
 .comment       0x00000000       0x71 ./drivers/mss_rtc/mss_rtc.o
 .comment       0x00000000       0x71 ./drivers/mss_nvm/mss_nvm.o
 .comment       0x00000000       0x71 ./drivers/mss_hpdma/mss_hpdma.o
 .comment       0x00000000       0x71 ./drivers/CoreUARTapb/core_uart_apb.o
 .comment       0x00000000       0x71 ./drivers/CorePWM/core_pwm.o
 .comment       0x00000000       0x71 ./drivers/CoreGPIO/core_gpio.o
 .comment       0x00000000       0x71 ./CMSIS/system_m2sxxx.o
 .comment       0x00000000       0x71 ./main.o
